// Jest Snapshot v1, https://goo.gl/fbAQLP

exports[`Countdown renders 1`] = `
<styled.div>
  <styled.div>
    5
  </styled.div>
</styled.div>
`;
