// Jest Snapshot v1, https://goo.gl/fbAQLP

exports[`Day renders 1`] = `
<div>
  Day
</div>
`;
