// Jest Snapshot v1, https://goo.gl/fbAQLP

exports[`LabelValue renders 1`] = `
<div>
  Test
</div>
`;
