// Jest Snapshot v1, https://goo.gl/fbAQLP

exports[`Landing renders 1`] = `
<div>
  Logged in
</div>
`;
