// Jest Snapshot v1, https://goo.gl/fbAQLP

exports[`LoggedOutLanding renders 1`] = `
<div>
  Logged in Landing page
</div>
`;
