// Jest Snapshot v1, https://goo.gl/fbAQLP

exports[`Stepper renders 1`] = `
<div>
  Stepper
</div>
`;
